[0m16:45:40.332161 [debug] [MainThread]: Sending event: {'category': 'dbt', 'action': 'invocation', 'label': 'start', 'context': [<snowplow_tracker.self_describing_json.SelfDescribingJson object at 0x1153daed0>, <snowplow_tracker.self_describing_json.SelfDescribingJson object at 0x1154d5f10>, <snowplow_tracker.self_describing_json.SelfDescribingJson object at 0x1154d6cd0>]}


============================== 16:45:40.336575 | ce36ba5f-cc24-4333-9fac-8bd5ce93fc87 ==============================
[0m16:45:40.336575 [info ] [MainThread]: Running with dbt=1.12.0
[0m16:45:40.336930 [debug] [MainThread]: running dbt with arguments {'hints_enabled': 'True', 'warn_error_options': 'WarnErrorOptionsV2(error=[], warn=[], silence=[])', 'send_anonymous_usage_stats': 'True', 'cache_selected_only': 'False', 'maximum_seed_size_mib': '1', 'use_colors': 'True', 'write_json': 'True', 'introspect': 'True', 'invocation_command': 'dbt seed', 'quiet': 'False', 'log_path': 'logs', 'version_check': 'True', 'log_format': 'default', 'warn_error': 'None', 'target_path': 'None', 'printer_width': '80', 'use_experimental_parser': 'False', 'profiles_dir': '/Users/vanbrantley/.dbt', 'log_cache_events': 'False', 'no_print': 'None', 'fail_fast': 'False', 'empty': 'False', 'partial_parse': 'True', 'indirect_selection': 'eager', 'debug': 'False', 'static_parser': 'True'}
[0m16:45:40.337294 [error] [MainThread]: [[31mERROR[0m]: Encountered an error:
Runtime Error
  No dbt_project.yml found at expected path /Users/vanbrantley/code/subway-quest/dbt_project.yml
  Verify that each entry within packages.yml (and their transitive dependencies) contains a file named dbt_project.yml
  
[0m16:45:40.470292 [debug] [MainThread]: Resource report: {"command_name": "seed", "command_success": false, "command_wall_clock_time": 0.2428418, "process_in_blocks": "0", "process_kernel_time": 0.284103, "process_mem_max_rss": "139067392", "process_out_blocks": "0", "process_user_time": 1.699791}
[0m16:45:40.471098 [debug] [MainThread]: Command `dbt seed` failed at 16:45:40.470974 after 0.24 seconds
[0m16:45:40.471605 [debug] [MainThread]: Sending event: {'category': 'dbt', 'action': 'invocation', 'label': 'end', 'context': [<snowplow_tracker.self_describing_json.SelfDescribingJson object at 0x1153d0210>, <snowplow_tracker.self_describing_json.SelfDescribingJson object at 0x1153d3f10>, <snowplow_tracker.self_describing_json.SelfDescribingJson object at 0x1153d38d0>]}
[0m16:45:40.472051 [debug] [MainThread]: Flushing usage events
[0m16:45:40.663425 [debug] [MainThread]: An error was encountered while trying to flush usage events
[0m18:46:40.342093 [debug] [MainThread]: Sending event: {'category': 'dbt', 'action': 'invocation', 'label': 'start', 'context': [<snowplow_tracker.self_describing_json.SelfDescribingJson object at 0x1086506d0>, <snowplow_tracker.self_describing_json.SelfDescribingJson object at 0x1087517d0>, <snowplow_tracker.self_describing_json.SelfDescribingJson object at 0x1087520d0>]}


============================== 18:46:40.345395 | 0e8e1dcc-bf75-461e-a8db-42af3d446d0c ==============================
[0m18:46:40.345395 [info ] [MainThread]: Running with dbt=1.12.0
[0m18:46:40.345736 [debug] [MainThread]: running dbt with arguments {'log_path': 'logs', 'quiet': 'False', 'debug': 'False', 'no_print': 'None', 'use_experimental_parser': 'False', 'invocation_command': 'dbt seed', 'printer_width': '80', 'introspect': 'True', 'write_json': 'True', 'log_format': 'default', 'hints_enabled': 'True', 'partial_parse': 'True', 'target_path': 'None', 'log_cache_events': 'False', 'indirect_selection': 'eager', 'static_parser': 'True', 'profiles_dir': '/Users/vanbrantley/.dbt', 'fail_fast': 'False', 'warn_error': 'None', 'maximum_seed_size_mib': '1', 'send_anonymous_usage_stats': 'True', 'cache_selected_only': 'False', 'empty': 'False', 'version_check': 'True', 'use_colors': 'True', 'warn_error_options': 'WarnErrorOptionsV2(error=[], warn=[], silence=[])'}
[0m18:46:40.346097 [error] [MainThread]: [[31mERROR[0m]: Encountered an error:
Runtime Error
  No dbt_project.yml found at expected path /Users/vanbrantley/code/subway-quest/dbt_project.yml
  Verify that each entry within packages.yml (and their transitive dependencies) contains a file named dbt_project.yml
  
[0m18:46:40.347676 [debug] [MainThread]: Resource report: {"command_name": "seed", "command_success": false, "command_wall_clock_time": 0.10263775, "process_in_blocks": "0", "process_kernel_time": 0.141909, "process_mem_max_rss": "138330112", "process_out_blocks": "0", "process_user_time": 1.337849}
[0m18:46:40.347950 [debug] [MainThread]: Command `dbt seed` failed at 18:46:40.347897 after 0.10 seconds
[0m18:46:40.348156 [debug] [MainThread]: Sending event: {'category': 'dbt', 'action': 'invocation', 'label': 'end', 'context': [<snowplow_tracker.self_describing_json.SelfDescribingJson object at 0x108751d50>, <snowplow_tracker.self_describing_json.SelfDescribingJson object at 0x108648250>, <snowplow_tracker.self_describing_json.SelfDescribingJson object at 0x108648150>]}
[0m18:46:40.348342 [debug] [MainThread]: Flushing usage events
[0m18:46:40.522253 [debug] [MainThread]: An error was encountered while trying to flush usage events
